{
  "tables" : {
    "table" : {
      "table0" : [
        { "a" : 1, "b": 2, "c" : 3 },
        { "a" : 11, "b": 22, "c" : 33 }
      ],
      "table1" : [
        { "a" : 1, "c" : 3, "p" : "p0" },
        { "a" : 1, "c" : 3, "p" : "p1" },
        { "a" : 11, "c" : 33, "p" : "p0" },
        { "a" : 11, "c" : 33, "p" : "p1" }
      ]
    }
  }
}
